Archive member included because of file (symbol)

quatos.a(quatos.o)            THUMB Release/control.o (quatosInit)
quatos.a(quatos_dca.o)        quatos.a(quatos.o) (dcaInit)
/usr/share/crossworks_for_arm_2.3/lib/libm_v7em_fpv4_sp_d16_hard_t_le_eabi.a(libm_asm.o)
                              THUMB Release/ublox.o (__aeabi_i2d)
/usr/share/crossworks_for_arm_2.3/lib/libm_v7em_fpv4_sp_d16_hard_t_le_eabi.a(libm2.o)
                              THUMB Release/calib.o (acosf)
/usr/share/crossworks_for_arm_2.3/lib/libm_v7em_fpv4_sp_d16_hard_t_le_eabi.a(libm2_asm.o)
                              /usr/share/crossworks_for_arm_2.3/lib/libm_v7em_fpv4_sp_d16_hard_t_le_eabi.a(libm2.o) (fabs)
/usr/share/crossworks_for_arm_2.3/lib/libc_v7em_fpv4_sp_d16_hard_t_le_eabi.a(libc_asm.o)
                              THUMB Release/ms5611.o (__aeabi_ldivmod)
/usr/share/crossworks_for_arm_2.3/lib/libc_v7em_fpv4_sp_d16_hard_t_le_eabi.a(libc2.o)
                              THUMB Release/signaling.o (abs)
/usr/share/crossworks_for_arm_2.3/lib/libc_v7em_fpv4_sp_d16_hard_t_le_eabi.a(libc2_asm.o)
                              THUMB Release/config.o (memcpy)
/usr/share/crossworks_for_arm_2.3/lib/libc_v7em_fpv4_sp_d16_hard_t_le_eabi.a(__vfprintf_double_long_long.o)
                              (__vfprintf_double_long_long)
/usr/share/crossworks_for_arm_2.3/lib/libc_v7em_fpv4_sp_d16_hard_t_le_eabi.a(__vfscanf_double_long_long.o)
                              (__vfscanf_double_long_long)
/usr/share/crossworks_for_arm_2.3/lib/libdebugio_v7em_fpv4_sp_d16_hard_t_le_eabi.a(libdebugio.o)
                              (__do_debug_operation_mempoll)
/usr/share/crossworks_for_arm_2.3/lib/libc_user_libc_v7em_fpv4_sp_d16_hard_t_le_eabi.a(user_libc.o)
                              /usr/share/crossworks_for_arm_2.3/lib/libm_v7em_fpv4_sp_d16_hard_t_le_eabi.a(libm2.o) (__errno)

Discarded input sections

 .text          0x00000000        0x0 THUMB Release/main_ctl.o
 .data          0x00000000        0x0 THUMB Release/main_ctl.o
 .bss           0x00000000        0x0 THUMB Release/main_ctl.o
 .text.CoStkOverflowHook
                0x00000000        0x4 THUMB Release/main_ctl.o
 .text          0x00000000        0x0 THUMB Release/digital.o
 .data          0x00000000        0x0 THUMB Release/digital.o
 .bss           0x00000000        0x0 THUMB Release/digital.o
 .text          0x00000000        0x0 THUMB Release/util.o
 .data          0x00000000        0x0 THUMB Release/util.o
 .bss           0x00000000        0x0 THUMB Release/util.o
 .text          0x00000000        0x0 THUMB Release/rcc.o
 .data          0x00000000        0x0 THUMB Release/rcc.o
 .bss           0x00000000        0x0 THUMB Release/rcc.o
 .bss.stepupEn  0x00000000        0x4 THUMB Release/rcc.o
 .bss.sysoff    0x00000000        0x4 THUMB Release/rcc.o
 .text          0x00000000        0x0 THUMB Release/serial.o
 .data          0x00000000        0x0 THUMB Release/serial.o
 .bss           0x00000000        0x0 THUMB Release/serial.o
 .text.serialOpenUART
                0x00000000       0x4c THUMB Release/serial.o
 .text.serialUSART2
                0x00000000       0x94 THUMB Release/serial.o
 .text.serialUSART3
                0x00000000       0x94 THUMB Release/serial.o
 .text.serialReadBlock
                0x00000000       0x60 THUMB Release/serial.o
 .text.serialPrint
                0x00000000       0x94 THUMB Release/serial.o
 .text.serialWatch
                0x00000000      0x104 THUMB Release/serial.o
 .text.serialSetSTDIO
                0x00000000        0xc THUMB Release/serial.o
 .text.__putchar
                0x00000000       0x84 THUMB Release/serial.o
 .text.__getchar
                0x00000000       0x44 THUMB Release/serial.o
 .text          0x00000000        0x0 THUMB Release/config.o
 .data          0x00000000        0x0 THUMB Release/config.o
 .bss           0x00000000        0x0 THUMB Release/config.o
 .text.configTokenFindEmpty
                0x00000000       0x10 THUMB Release/config.o
 .text.configTokenIterate
                0x00000000       0x24 THUMB Release/config.o
 .text.configSetParamByID
                0x00000000       0x14 THUMB Release/config.o
 .text          0x00000000        0x0 THUMB Release/flash.o
 .data          0x00000000        0x0 THUMB Release/flash.o
 .bss           0x00000000        0x0 THUMB Release/flash.o
 .text.GetSector
                0x00000000       0x9c THUMB Release/flash.o
 .text          0x00000000        0x0 THUMB Release/motors.o
 .data          0x00000000        0x0 THUMB Release/motors.o
 .bss           0x00000000        0x0 THUMB Release/motors.o
 .text.motorsCommands
                0x00000000      0x894 THUMB Release/motors.o
 .text          0x00000000        0x0 THUMB Release/spektrum.o
 .data          0x00000000        0x0 THUMB Release/spektrum.o
 .bss           0x00000000        0x0 THUMB Release/spektrum.o
 .text          0x00000000        0x0 THUMB Release/analog.o
[...]
Memory Configuration

Name             Origin             Length             Attributes
UNPLACED_SECTIONS 0xffffffff         0x00000000         xw
FLASH            0x08000000         0x00100000         xr
DATA_SRAM        0x10000000         0x00010000         xw
SYSTEM           0x1fff0000         0x00007a10         xw
OPTION           0x1fffc000         0x00000008         xw
RAM              0x20000000         0x00020000         xw
SRAM1            0x20000000         0x0001c000         xw
SRAM2            0x2001c000         0x00004000         xw
APB1             0x40000000         0x00007800         xw
APB2             0x40010000         0x00004c00         xw
AHB1             0x40020000         0x00080000         xw
AHB2             0x50000000         0x00060c00         xw
AHB3             0xa0000000         0x00001000         xw
PCCARD           0x90000000         0x00000000         xw
NAND2            0x80000000         0x00000000         xw
NAND1            0x70000000         0x00000000         xw
NOR_PSRAM4       0x6c000000         0x00000000         xw
NOR_PSRAM3       0x68000000         0x00000000         xw
NOR_PSRAM2       0x64000000         0x00000000         xw
NOR_PSRAM1       0x60000000         0x00000000         xw
PPB              0xe0000000         0x00100000         xw
DBG              0xe0042000         0x00000010         xw
CM3_System_Control_Space 0xe000e000         0x00001000         xw
*default*        0x00000000         0xffffffff

Linker script and memory map

                0x08036e68                __do_debug_operation = __do_debug_operation_mempoll
                0x08035020                __vfprintf = __vfprintf_double_long_long
                0x08036598                __vfscanf = __vfscanf_double_long_long
                0x08000000                __FLASH_segment_start__ = 0x8000000
                0x08100000                __FLASH_segment_end__ = 0x8100000
                0x10000000                __DATA_SRAM_segment_start__ = 0x10000000
                0x10010000                __DATA_SRAM_segment_end__ = 0x10010000
                0x1fff0000                __SYSTEM_segment_start__ = 0x1fff0000
                0x1fff7a10                __SYSTEM_segment_end__ = 0x1fff7a10
                0x1fffc000                __OPTION_segment_start__ = 0x1fffc000
                0x1fffc008                __OPTION_segment_end__ = 0x1fffc008
                0x20000000                __RAM_segment_start__ = 0x20000000
                0x20020000                __RAM_segment_end__ = 0x20020000
                0x20000000                __SRAM1_segment_start__ = 0x20000000
                0x2001c000                __SRAM1_segment_end__ = 0x2001c000
                0x2001c000                __SRAM2_segment_start__ = 0x2001c000
                0x20020000                __SRAM2_segment_end__ = 0x20020000
                0x40000000                __APB1_segment_start__ = 0x40000000
                0x40007800                __APB1_segment_end__ = 0x40007800
                0x40010000                __APB2_segment_start__ = 0x40010000
                0x40014c00                __APB2_segment_end__ = 0x40014c00
                0x40020000                __AHB1_segment_start__ = 0x40020000
                0x400a0000                __AHB1_segment_end__ = 0x400a0000
                0x50000000                __AHB2_segment_start__ = 0x50000000
                0x50060c00                __AHB2_segment_end__ = 0x50060c00
                0xa0000000                __AHB3_segment_start__ = 0xa0000000
                0xa0001000                __AHB3_segment_end__ = 0xa0001000
                0x90000000                __PCCARD_segment_start__ = 0x90000000
                0x90000000                __PCCARD_segment_end__ = 0x90000000
                0x80000000                __NAND2_segment_start__ = 0x80000000
                0x80000000                __NAND2_segment_end__ = 0x80000000
                0x70000000                __NAND1_segment_start__ = 0x70000000
                0x70000000                __NAND1_segment_end__ = 0x70000000
                0x6c000000                __NOR_PSRAM4_segment_start__ = 0x6c000000
                0x6c000000                __NOR_PSRAM4_segment_end__ = 0x6c000000
                0x68000000                __NOR_PSRAM3_segment_start__ = 0x68000000
                0x68000000                __NOR_PSRAM3_segment_end__ = 0x68000000
                0x64000000                __NOR_PSRAM2_segment_start__ = 0x64000000
                0x64000000                __NOR_PSRAM2_segment_end__ = 0x64000000
                0x60000000                __NOR_PSRAM1_segment_start__ = 0x60000000
                0x60000000                __NOR_PSRAM1_segment_end__ = 0x60000000
                0xe0000000                __PPB_segment_start__ = 0xe0000000
                0xe0100000                __PPB_segment_end__ = 0xe0100000
                0xe0042000                __DBG_segment_start__ = 0xe0042000
                0xe0042010                __DBG_segment_end__ = 0xe0042010
                0xe000e000                __CM3_System_Control_Space_segment_start__ = 0xe000e000
                0xe000f000                __CM3_System_Control_Space_segment_end__ = 0xe000f000
                0x00000400                __STACKSIZE__ = 0x400
                0x00000000                __STACKSIZE_PROCESS__ = 0x0
                0x00000000                __STACKSIZE_IRQ__ = 0x0
                0x00000000                __STACKSIZE_FIQ__ = 0x0
                0x00000000                __STACKSIZE_SVC__ = 0x0
                0x00000000                __STACKSIZE_ABT__ = 0x0
                0x00000000                __STACKSIZE_UND__ = 0x0
                0x00004800                __HEAPSIZE__ = 0x4800
                0x10000000                __ccm_load_start__ = ALIGN (__DATA_SRAM_segment_start__, 0x4)

.ccm            0x10000000     0xd1c4
                0x10000000                __ccm_start__ = .
 *(.ccm .ccm.*)
 .ccm           0x10000000     0xa090 THUMB Release/util.o
                0x10000000                stackSizes
                0x10000018                stackFrees
                0x10000030                stackNames
                0x10000060                stackPointers
                0x10000090                ccmHeap
 .ccm           0x1000a090      0x5b4 THUMB Release/config.o
                0x1000a090                p
 .ccm           0x1000a644      0x2d4 THUMB Release/motors.o
                0x1000a644                motorsData
 .ccm           0x1000a918       0x18 THUMB Release/spektrum.o
                0x1000a918                spektrumData
 .ccm           0x1000a930       0xa0 THUMB Release/control.o
                0x1000a930                controlData
 .ccm           0x1000a9d0     0x1190 THUMB Release/comm.o
                0x1000a9d0                commData
 .ccm           0x1000bb60      0x570 THUMB Release/nav.o
                0x1000bb60                navData
 .ccm           0x1000c0d0       0x18 THUMB Release/telemetry.o
                0x1000c0d0                telemetryData
 .ccm           0x1000c0e8      0x224 THUMB Release/ublox.o
                0x1000c0e8                ubloxData
 *fill*         0x1000c30c        0x4 00
 .ccm           0x1000c310       0xa8 THUMB Release/gps.o
                0x1000c310                gpsData
 .ccm           0x1000c3b8      0x13c THUMB Release/command.o
                0x1000c3b8                commandData
 .ccm           0x1000c4f4       0x10 THUMB Release/logger.o
                0x1000c4f4                loggerData
 .ccm           0x1000c504       0x18 THUMB Release/rtc.o
                0x1000c504                rtcData
 .ccm           0x1000c51c       0xf0 THUMB Release/sdio.o
                0x1000c51c                sdioData
 .ccm           0x1000c60c       0x14 THUMB Release/imu.o
                0x1000c60c                imuData
 .ccm           0x1000c620      0x1c4 THUMB Release/supervisor.o
                0x1000c620                supervisorData
 .ccm           0x1000c7e4      0x14c THUMB Release/run.o
                0x1000c7e4                runData
 .ccm           0x1000c930       0xf0 THUMB Release/radio.o
                0x1000c930                radioData
 .ccm           0x1000ca20       0x20 THUMB Release/futaba.o
                0x1000ca20                futabaData
 .ccm           0x1000ca40       0x48 THUMB Release/ppm.o
                0x1000ca40                ppmData
 .ccm           0x1000ca88       0xfc THUMB Release/pwm.o
                0x1000ca88                pwmData
 *fill*         0x1000cb84        0x4 00
 .ccm           0x1000cb88       0x40 THUMB Release/gimbal.o
                0x1000cb88                gimbalData
 .ccm           0x1000cbc8      0x120 THUMB Release/1wire.o
                0x1000cbc8                owData
 .ccm           0x1000cce8       0x18 THUMB Release/signaling.o
                0x1000cce8                sigData
 .ccm           0x1000cd00       0x28 THUMB Release/d_imu.o
                0x1000cd00                dImuData
 .ccm           0x1000cd28      0x20c THUMB Release/usb.o
                0x1000cd28                usbData
 .ccm           0x1000cf34       0x24 THUMB Release/grhott.o
                0x1000cf34                grhottData
 .ccm           0x1000cf58       0x28 THUMB Release/mlinkrx.o
                0x1000cf58                mlinkrxData
 .ccm           0x1000cf80      0x244 quatos.a(quatos.o)
                0x1000cf80                quatosData
                0x1000d1c4                __ccm_end__ = (__ccm_start__ + SIZEOF (.ccm))
                0x1000d1c4                __ccm_load_end__ = __ccm_end__
                0x00000001                . = ASSERT (((__ccm_end__ >= __DATA_SRAM_segment_start__) && (__ccm_end__ <= __DATA_SRAM_segment_end__)), error: .ccm is too large to fit in DATA_SRAM memory segment)
                0x1000d1c4                __stack_load_start__ = ALIGN (__ccm_end__, 0x4)

.stack          0x1000d1c4      0x400
                0x1000d1c4                __stack_start__ = .
 *(.stack .stack.*)
                0x1000d5c4                . = ALIGN (MAX ((__stack_start__ + __STACKSIZE__), .), 0x4)
 *fill*         0x1000d1c4      0x400 00
                0x1000d5c4                __stack_end__ = (__stack_start__ + SIZEOF (.stack))
                0x1000d5c4                __stack_load_end__ = __stack_end__
                0x00000001                . = ASSERT (((__stack_end__ >= __DATA_SRAM_segment_start__) && (__stack_end__ <= __DATA_SRAM_segment_end__)), error: .stack is too large to fit in DATA_SRAM memory segment)
                0x1000d5c4                __stack_process_load_start__ = ALIGN (__stack_end__, 0x4)

.stack_process  0x1000d5c4        0x0
                0x1000d5c4                __stack_process_start__ = .
 *(.stack_process .stack_process.*)
                0x1000d5c4                . = ALIGN (MAX ((__stack_process_start__ + __STACKSIZE_PROCESS__), .), 0x4)
                0x1000d5c4                __stack_process_end__ = (__stack_process_start__ + SIZEOF (.stack_process))
                0x1000d5c4                __stack_process_load_end__ = __stack_process_end__
                0x1000d5c4                __DATA_SRAM_segment_used_end__ = (ALIGN (__stack_end__, 0x4) + SIZEOF (.stack_process))
                0x00000001                . = ASSERT (((__stack_process_end__ >= __DATA_SRAM_segment_start__) && (__stack_process_end__ <= __DATA_SRAM_segment_end__)), error: .stack_process is too large to fit in DATA_SRAM memory segment)
                0x20000000                __vectors_ram_load_start__ = ALIGN (__RAM_segment_start__, 0x100)

.vectors_ram    0x20000000        0x0
                0x20000000                __vectors_ram_start__ = .
 *(.vectors_ram .vectors_ram.*)
                0x20000000                __vectors_ram_end__ = (__vectors_ram_start__ + SIZEOF (.vectors_ram))
                0x20000000                __vectors_ram_load_end__ = __vectors_ram_end__
                0x00000001                . = ASSERT (((__vectors_ram_end__ >= __RAM_segment_start__) && (__vectors_ram_end__ <= __RAM_segment_end__)), error: .vectors_ram is too large to fit in RAM memory segment)
                0x08000000                __vectors_load_start__ = ALIGN (__FLASH_segment_start__, 0x100)

.vectors        0x08000000      0x188
                0x08000000                __vectors_start__ = .
 *(.vectors .vectors.*)
 .vectors       0x08000000      0x188 THUMB Release/STM32_Startup.o
                0x08000000                _vectors
                0x08000188                __vectors_end__ = (__vectors_start__ + SIZEOF (.vectors))
                0x08000188                __vectors_load_end__ = __vectors_end__
                0x00000001                . = ASSERT (((__vectors_end__ >= __FLASH_segment_start__) && (__vectors_end__ <= __FLASH_segment_end__)), error: .vectors is too large to fit in FLASH memory segment)
                0x08000188                __init_load_start__ = ALIGN (__vectors_end__, 0x4)

.init           0x08000188      0x230
                0x08000188                __init_start__ = .
 *(.init .init.*)
 .init          0x08000188      0x110 THUMB Release/STM32_Startup.o
                0x08000188                NMI_Handler
                0x0800018c                MemManage_Handler
                0x0800018e                BusFault_Handler
                0x08000190                UsageFault_Handler
                0x08000192                SVC_Handler
                0x08000194                DebugMon_Handler
                0x0800019a                WWDG_IRQHandler
                0x0800019c                PVD_IRQHandler
                0x0800019e                TAMP_STAMP_IRQHandler
                0x080001a2                FLASH_IRQHandler
                0x080001a4                RCC_IRQHandler
                0x080001b2                DMA1_Stream1_IRQHandler
                0x080001b4                DMA1_Stream2_IRQHandler
                0x080001b6                DMA1_Stream3_IRQHandler
                0x080001ba                DMA1_Stream5_IRQHandler
                0x080001bc                DMA1_Stream6_IRQHandler
                0x080001be                ADC_IRQHandler
                0x080001c0                CAN1_TX_IRQHandler
                0x080001c2                CAN1_RX0_IRQHandler
                0x080001c4                CAN1_RX1_IRQHandler
                0x080001c6                CAN1_SCE_IRQHandler
                0x080001cc                TIM1_UP_TIM10_IRQHandler
                0x080001ce                TIM1_TRG_COM_TIM11_IRQHandler
                0x080001d2                TIM2_IRQHandler
                0x080001d4                TIM3_IRQHandler
                0x080001d8                I2C1_EV_IRQHandler
                0x080001da                I2C1_ER_IRQHandler
                0x080001dc                I2C2_EV_IRQHandler
                0x080001de                I2C2_ER_IRQHandler
                0x080001e0                SPI1_IRQHandler
                0x080001e2                SPI2_IRQHandler
                0x080001ec                RTC_Alarm_IRQHandler
                0x080001f2                TIM8_UP_TIM13_IRQHandler
                0x080001f4                TIM8_TRG_COM_TIM14_IRQHandler
                0x080001f6                TIM8_CC_IRQHandler
                0x080001f8                DMA1_Stream7_IRQHandler
                0x080001fa                FSMC_IRQHandler
                0x08000200                SPI3_IRQHandler
                0x08000204                UART5_IRQHandler
                0x08000206                TIM6_DAC_IRQHandler
                0x0800020c                DMA2_Stream1_IRQHandler
                0x0800020e                DMA2_Stream2_IRQHandler
                0x08000212                DMA2_Stream4_IRQHandler
                0x0800021c                CAN2_RX1_IRQHandler
                0x0800021e                CAN2_SCE_IRQHandler
                0x08000222                DMA2_Stream5_IRQHandler
                0x0800022a                I2C3_EV_IRQHandler
                0x0800022c                I2C3_ER_IRQHandler
                0x0800022e                OTG_HS_EP1_OUT_IRQHandler
                0x08000230                OTG_HS_EP1_IN_IRQHandler
                0x08000232                OTG_HS_WKUP_IRQHandler
                0x08000234                OTG_HS_IRQHandler
                0x0800023a                HASH_RNG_IRQHandler
                0x0800023c                FPU_IRQHandler
                0x0800023e                reset_handler
 .init          0x08000298      0x120 THUMB Release/thumb_crt0.o
                0x08000298                _start
                0x08000324                exit
                0x080003b8                __init_end__ = (__init_start__ + SIZEOF (.init))
                0x080003b8                __init_load_end__ = __init_end__
                0x00000001                . = ASSERT (((__init_end__ >= __FLASH_segment_start__) && (__init_end__ <= __FLASH_segment_end__)), error: .init is too large to fit in FLASH memory segment)
                0x080003b8                __text_load_start__ = ALIGN (__init_end__, 0x4)

.text           0x080003b8    0x36b08
                0x080003b8                __text_start__ = .
 *(.text .text.* .glue_7t .glue_7 .gnu.linkonce.t.* .gcc_except_table)
 .glue_7        0x00000000        0x0 linker stubs
 .glue_7t       0x00000000        0x0 linker stubs
 .text.startup.main
                0x080003b8       0x54 THUMB Release/main_ctl.o
                0x080003b8                main
 .text.CoIdleTask
                0x0800040c       0x60 THUMB Release/main_ctl.o
                0x0800040c                CoIdleTask
 .text.HardFault_Handler
                0x0800046c        0x8 THUMB Release/main_ctl.o
                0x0800046c                HardFault_Handler
 .text.digitalInit
                0x08000474       0x64 THUMB Release/digital.o
                0x08000474                digitalInit
 .text.utilStackCheck
                0x080004d8       0xb4 THUMB Release/util.o
                0x080004d8                utilStackCheck
 .text.utilGetStackFree
                0x0800058c       0x50 THUMB Release/util.o
                0x0800058c                utilGetStackFree
 .text.aqCalloc
                0x080005dc       0x40 THUMB Release/util.o
                0x080005dc                aqCalloc
 .text.aqFree   0x0800061c       0x1c THUMB Release/util.o
                0x0800061c                aqFree
 .text.aqDataCalloc
                0x08000638       0x38 THUMB Release/util.o
                0x08000638                aqDataCalloc
 .text.aqStackInit
                0x08000670       0x74 THUMB Release/util.o
                0x08000670                aqStackInit
 .text.delayMicros
                0x080006e4       0x18 THUMB Release/util.o
                0x080006e4                delayMicros
 .text.delay    0x080006fc       0x1c THUMB Release/util.o
                0x080006fc                delay
 .text.utilSerialNoString
                0x08000718       0x44 THUMB Release/util.o
                0x08000718                utilSerialNoString
 .text.utilVersionString
                0x0800075c       0x44 THUMB Release/util.o
                0x0800075c                utilVersionString
 .text.info     0x080007a0      0x148 THUMB Release/util.o
                0x080007a0                info
 .text.utilFilterReset
                0x080008e8        0x8 THUMB Release/util.o
                0x080008e8                utilFilterReset
 .text.utilFilterReset3
                0x080008f0       0x10 THUMB Release/util.o
                0x080008f0                utilFilterReset3
 .text.utilFilterInit
                0x08000900       0x10 THUMB Release/util.o
                0x08000900                utilFilterInit
 .text.utilFilterInit3
                0x08000910       0x20 THUMB Release/util.o
                0x08000910                utilFilterInit3
 .text.utilFilter
                0x08000930       0x1c THUMB Release/util.o
                0x08000930                utilFilter
 .text.utilFilter3
                0x0800094c       0x40 THUMB Release/util.o
                0x0800094c                utilFilter3
 .text.utilFirFilter
                0x0800098c       0xc0 THUMB Release/util.o
                0x0800098c                utilFirFilter
 .text.utilFirFilterInit
                0x08000a4c       0x3c THUMB Release/util.o
                0x08000a4c                utilFirFilterInit
 .text.ftoa     0x08000a88      0x114 THUMB Release/util.o
                0x08000a88                ftoa
 .text.rccConfiguration
                0x08000b9c       0xf0 THUMB Release/rcc.o
                0x08000b9c                rccConfiguration
 .text.serialStartTxDMA
                0x08000c8c       0x5c THUMB Release/serial.o
                0x08000c8c                serialStartTxDMA
 .text._serialStartTxDMA
                0x08000ce8       0x2c THUMB Release/serial.o
                0x08000ce8                _serialStartTxDMA
 .text.serialUSART1
                0x08000d14       0xf0 THUMB Release/serial.o
                0x08000d14                serialUSART1
 .text.serialUSART4
                0x08000e04       0xec THUMB Release/serial.o
                0x08000e04                serialUSART4
 .text.serialUSART6
                0x08000ef0       0xf8 THUMB Release/serial.o
                0x08000ef0                serialUSART6
 .text.serialOpen
                0x08000fe8      0x2e4 THUMB Release/serial.o
                0x08000fe8                serialOpen
 .text.serialWrite
                0x080012cc       0x70 THUMB Release/serial.o
                0x080012cc                serialWrite
 .text.serialAvailable
                0x0800133c       0x1c THUMB Release/serial.o
                0x0800133c                serialAvailable
 .text.serialRead
                0x08001358       0x38 THUMB Release/serial.o
                0x08001358                serialRead
 .text.serialChangeBaud
                0x08001390       0x4c THUMB Release/serial.o
                0x08001390                serialChangeBaud
 .text.serialChangeParity
                0x080013dc       0x4c THUMB Release/serial.o
                0x080013dc                serialChangeParity
 .text.serialChangeStopBits
                0x08001428       0x4c THUMB Release/serial.o
                0x08001428                serialChangeStopBits
 .text.DMA2_Stream7_IRQHandler
                0x08001474       0x24 THUMB Release/serial.o
                0x08001474                DMA2_Stream7_IRQHandler
 .text.USART1_IRQHandler
                0x08001498       0x70 THUMB Release/serial.o
                0x08001498                USART1_IRQHandler
 .text.USART2_IRQHandler
                0x08001508       0x70 THUMB Release/serial.o
                0x08001508                USART2_IRQHandler
 .text.USART3_IRQHandler
                0x08001578       0x70 THUMB Release/serial.o
                0x08001578                USART3_IRQHandler
 .text.DMA1_Stream4_IRQHandler
                0x080015e8       0x24 THUMB Release/serial.o
                0x080015e8                DMA1_Stream4_IRQHandler
 .text.UART4_IRQHandler
                0x0800160c       0x70 THUMB Release/serial.o
                0x0800160c                UART4_IRQHandler
 .text.DMA2_Stream6_IRQHandler
                0x0800167c       0x24 THUMB Release/serial.o
                0x0800167c                DMA2_Stream6_IRQHandler
 .text.USART6_IRQHandler
                0x080016a0       0x70 THUMB Release/serial.o
                0x080016a0                USART6_IRQHandler
 .text.configLoadDefault
                0x08001710      0x830 THUMB Release/config.o
                0x08001710                configLoadDefault
 .text.configTokenStore
                0x08001f40       0x14 THUMB Release/config.o
                0x08001f40                configTokenStore
 .text.configTokenGet
                0x08001f54       0x18 THUMB Release/config.o
                0x08001f54                configTokenGet
 .text.configFlashRead
                0x08001f6c       0x7c THUMB Release/config.o
                0x08001f6c                configFlashRead
 .text.configFlashWrite
                0x08001fe8      0x12c THUMB Release/config.o
                0x08001fe8                configFlashWrite
 .text.configParameterRead
                0x08002114       0x34 THUMB Release/config.o
                0x08002114                configParameterRead
 .text.configParameterWrite
                0x08002148       0x44 THUMB Release/config.o
                0x08002148                configParameterWrite
 .text.configParseParams
                0x0800218c      0x108 THUMB Release/config.o
                0x0800218c                configParseParams
 .text.configReadFile
                0x08002294       0xb4 THUMB Release/config.o
                0x08002294                configReadFile
 .text.configInit
                0x08002348      0x17c THUMB Release/config.o
                0x08002348                configInit
 .text.configFormatParam
                0x080024c4       0x54 THUMB Release/config.o
                0x080024c4                configFormatParam
 .text.configWriteFile
                0x08002518      0x1a0 THUMB Release/config.o
                0x08002518                configWriteFile
 .text.configGetParamIdByName
                0x080026b8       0x4c THUMB Release/config.o
                0x080026b8                configGetParamIdByName
 .text.flashAddress
                0x08002704       0xd8 THUMB Release/flash.o
                0x08002704                flashAddress
 .text.flashErase
                0x080027dc      0x210 THUMB Release/flash.o
                0x080027dc                flashErase
 .text.flashStartAddr
                0x080029ec        0x8 THUMB Release/flash.o
                0x080029ec                flashStartAddr
 .text.flashSerno
                0x080029f4       0x10 THUMB Release/flash.o
                0x080029f4                flashSerno
 .text.motorsReceiveTelem
                0x08002a04       0x30 THUMB Release/motors.o
                0x08002a04                motorsReceiveTelem
 .text.motorsCanInit
                0x08002a34       0xdc THUMB Release/motors.o
 .text.motorsPwm2Thrust
                0x08002b10       0x34 THUMB Release/motors.o
                0x08002b10                motorsPwm2Thrust
 .text.motorsMax
                0x08002b44        0xc THUMB Release/motors.o
                0x08002b44                motorsMax
 .text.motorsSendValues
                0x08002b50      0x204 THUMB Release/motors.o
                0x08002b50                motorsSendValues
 .text.motorsSendThrust
                0x08002d54      0x1c8 THUMB Release/motors.o
                0x08002d54                motorsSendThrust
 .text.motorsOff
                0x08002f1c      0x23c THUMB Release/motors.o
                0x08002f1c                motorsOff
 .text.motorsArm
                0x08003158      0x2d0 THUMB Release/motors.o
                0x08003158                motorsArm
 .text.motorsDisarm
                0x08003428       0x28 THUMB Release/motors.o
                0x08003428                motorsDisarm
 .text.motorsInit
                0x08003450      0x9a0 THUMB Release/motors.o
                0x08003450                motorsInit
 .text.spektrumDecode
                0x08003df0      0x4c8 THUMB Release/spektrum.o
                0x08003df0                spektrumDecode
 .text.spektrumCharIn
                0x080042b8       0x48 THUMB Release/spektrum.o
                0x080042b8                spektrumCharIn
 .text.spektrumInit
                0x08004300       0x48 THUMB Release/spektrum.o
                0x08004300                spektrumInit
 .text.analogDecode
                0x08004348      0x1d8 THUMB Release/analog.o
                0x08004348                analogDecode
 .text.analogInit
                0x08004520      0x428 THUMB Release/analog.o
                0x08004520                analogInit
 .text.controlTaskCode
                0x08004948      0x46c THUMB Release/control.o
                0x08004948                controlTaskCode
 .text.controlInit
                0x08004db4      0x238 THUMB Release/control.o
                0x08004db4                controlInit
 .text._commSchedule
                0x08004fec       0x90 THUMB Release/comm.o
 .text.commTxFinished
                0x0800507c       0x28 THUMB Release/comm.o
                0x0800507c                commTxFinished
 .text.commTaskCode
                0x080050a4      0x69c THUMB Release/comm.o
                0x080050a4                commTaskCode
 .text.commGetNoticeBuf
                0x08005740       0x24 THUMB Release/comm.o
                0x08005740                commGetNoticeBuf
 .text.commNotice
                0x08005764       0x1c THUMB Release/comm.o
                0x08005764                commNotice
 .text.commStreamUsed
                0x08005780        0xc THUMB Release/comm.o
                0x08005780                commStreamUsed
 .text.commRegisterNoticeFunc
                0x0800578c       0x40 THUMB Release/comm.o
                0x0800578c                commRegisterNoticeFunc
 .text.commRegisterTelemFunc
                0x080057cc       0x40 THUMB Release/comm.o
                0x080057cc                commRegisterTelemFunc
 .text.commRegisterRcvrFunc
                0x0800580c       0x48 THUMB Release/comm.o
                0x0800580c                commRegisterRcvrFunc
 .text.commReadChar
                0x08005854       0x54 THUMB Release/comm.o
                0x08005854                commReadChar
 .text.commAvailable
                0x080058a8       0x44 THUMB Release/comm.o
                0x080058a8                commAvailable
 .text.commGetTxBuf
                0x080058ec      0x14c THUMB Release/comm.o
                0x080058ec                commGetTxBuf
 .text.commSendTxBuf
                0x08005a38      0x508 THUMB Release/comm.o
                0x08005a38                commSendTxBuf
 .text.commSetStreamType
                0x08005f40       0x48 THUMB Release/comm.o
                0x08005f40                commSetStreamType
 .text.commInit
                0x08005f88      0x1c4 THUMB Release/comm.o
                0x08005f88                commInit
 .text.commRegisterCanUart
                0x0800614c       0x78 THUMB Release/comm.o
                0x0800614c                commRegisterCanUart
 .text.CRYP_IRQHandler
                0x080061c4       0x70 THUMB Release/comm.o
                0x080061c4                CRYP_IRQHandler
 .text.navPressureAdjust
                0x08006234       0x24 THUMB Release/nav.o
                0x08006234                navPressureAdjust
 .text.navSetHomeCurrent
                0x08006258       0xa0 THUMB Release/nav.o
                0x08006258                navSetHomeCurrent
 .text.navRecallHome
                0x080062f8       0xb8 THUMB Release/nav.o
                0x080062f8                navRecallHome
 .text.navSetHfReference
                0x080063b0      0x118 THUMB Release/nav.o
                0x080063b0                navSetHfReference
 .text.navSetHeadFreeMode
                0x080064c8      0x108 THUMB Release/nav.o
                0x080064c8                navSetHeadFreeMode
 .text.navLoadLeg
                0x080065d0      0x264 THUMB Release/nav.o
                0x080065d0                navLoadLeg
 .text.navNavigate
                0x08006834      0xf04 THUMB Release/nav.o
                0x08006834                navNavigate
 .text.navInit  0x08007738      0x1c0 THUMB Release/nav.o
                0x08007738                navInit
 .text.navGetWaypointCount
                0x080078f8       0x34 THUMB Release/nav.o
                0x080078f8                navGetWaypointCount
 .text.navClearWaypoints
                0x0800792c       0x34 THUMB Release/nav.o
                0x0800792c                navClearWaypoints
 .text.navGetWaypoint
                0x08007960       0x14 THUMB Release/nav.o
                0x08007960                navGetWaypoint
 .text.navGetHomeWaypoint
                0x08007974        0x8 THUMB Release/nav.o
                0x08007974                navGetHomeWaypoint
 .text.navCalcDistance
                0x0800797c       0x64 THUMB Release/nav.o
                0x0800797c                navCalcDistance
 .text.navCalcBearing
                0x080079e0       0x98 THUMB Release/nav.o
                0x080079e0                navCalcBearing
 .text.telemetrySendNotice
                0x08007a78       0x5c THUMB Release/telemetry.o
                0x08007a78                telemetrySendNotice
 .text.telemetryDo
                0x08007ad4     0x1464 THUMB Release/telemetry.o
                0x08007ad4                telemetryDo
 .text.telemetryEnable
                0x08008f38       0x10 THUMB Release/telemetry.o
                0x08008f38                telemetryEnable
 .text.telemetryDisable
                0x08008f48       0x10 THUMB Release/telemetry.o
                0x08008f48                telemetryDisable
 .text.telemetryInit
                0x08008f58       0x30 THUMB Release/telemetry.o
                0x08008f58                telemetryInit
 .text.ubloxEnableMessage
                0x08008f88      0x13c THUMB Release/ublox.o
 .text.ubloxSetRate
                0x080090c4      0x180 THUMB Release/ublox.o
 .text.ubloxSetSBAS.constprop.5
                0x08009244      0x18c THUMB Release/ublox.o
 .text.ubloxInitGps
                0x080093d0      0x2b4 THUMB Release/ublox.o
                0x080093d0                ubloxInitGps
 .text.ubloxSendSetup
                0x08009684      0x540 THUMB Release/ublox.o
                0x08009684                ubloxSendSetup
 .text.ubloxInit
                0x08009bc4       0x24 THUMB Release/ublox.o
                0x08009bc4                ubloxInit
 .text.ubloxPublish
                0x08009be8      0x590 THUMB Release/ublox.o
                0x08009be8                ubloxPublish
 .text.ubloxCharIn
                0x0800a178      0x184 THUMB Release/ublox.o
                0x0800a178                ubloxCharIn
 .text.pidInit  0x0800a2fc       0x44 THUMB Release/pid.o
                0x0800a2fc                pidInit
 .text.pidUpdate
                0x0800a340      0x1c0 THUMB Release/pid.o
                0x0800a340                pidUpdate
 .text.pidZeroIntegral
                0x0800a500       0x34 THUMB Release/pid.o
                0x0800a500                pidZeroIntegral
 .text._mav_finalize_message_chan_send.constprop.30
                0x0800a534      0x224 THUMB Release/aq_mavlink.o
 .text.mavlinkSendNotice
                0x0800a758      0x1b4 THUMB Release/aq_mavlink.o
                0x0800a758                mavlinkSendNotice
 .text.mavlink_msg_param_value_send.constprop.23
                0x0800a90c      0x1c4 THUMB Release/aq_mavlink.o
 .text.mavlinkWpReached
                0x0800aad0      0x168 THUMB Release/aq_mavlink.o
                0x0800aad0                mavlinkWpReached
 .text.mavlinkWpAnnounceCurrent
                0x0800ac38      0x168 THUMB Release/aq_mavlink.o
                0x0800ac38                mavlinkWpAnnounceCurrent
 .text.mavlinkAnnounceHome
                0x0800ada0      0x4e8 THUMB Release/aq_mavlink.o
                0x0800ada0                mavlinkAnnounceHome
 .text.mavlinkSetSystemData
                0x0800b288       0xf4 THUMB Release/aq_mavlink.o
                0x0800b288                mavlinkSetSystemData
 *fill*         0x0800b37c        0x4 00
 .text.mavlinkDo
                0x0800b380     0x29e8 THUMB Release/aq_mavlink.o
                0x0800b380                mavlinkDo
 .text.mavlinkDoCommand
                0x0800dd68      0x570 THUMB Release/aq_mavlink.o
                0x0800dd68                mavlinkDoCommand
 .text.mavlinkRecvTaskCode
                0x0800e2d8     0x2484 THUMB Release/aq_mavlink.o
                0x0800e2d8                mavlinkRecvTaskCode
 .text.mavlinkSendParameter
                0x0801075c      0x1c0 THUMB Release/aq_mavlink.o
                0x0801075c                mavlinkSendParameter
 .text.mavlinkInit
                0x0801091c      0x454 THUMB Release/aq_mavlink.o
                0x0801091c                mavlinkInit
 .text.compassNormalize
                0x08010d70       0x40 THUMB Release/compass.o
                0x08010d70                compassNormalize
 .text.compassDifference
                0x08010db0       0x54 THUMB Release/compass.o
                0x08010db0                compassDifference
 .text.gpsPassThrough
                0x08010e04       0x28 THUMB Release/gps.o
                0x08010e04                gpsPassThrough
 .text.gpsTaskCode
                0x08010e2c      0x158 THUMB Release/gps.o
                0x08010e2c                gpsTaskCode
 .text.gpsInit  0x08010f84       0xc0 THUMB Release/gps.o
                0x08010f84                gpsInit
 .text.gpsSendPacket
                0x08011044       0x5c THUMB Release/gps.o
                0x08011044                gpsSendPacket
 .text.commandResponseSend
                0x080110a0      0x1a4 THUMB Release/command.o
 .text.commandRespond
                0x08011244       0x2c THUMB Release/command.o
 .text.commandTaskCode
                0x08011270      0x3a8 THUMB Release/command.o
                0x08011270                commandTaskCode
 .text.commandInit
                0x08011618       0x38 THUMB Release/command.o
                0x08011618                commandInit
 .text.timerInit
                0x08011650      0x128 THUMB Release/aq_timer.o
                0x08011650                timerInit
 .text.timerSetAlarm1
                0x08011778       0x30 THUMB Release/aq_timer.o
                0x08011778                timerSetAlarm1
 .text.timerSetAlarm2
                0x080117a8       0x30 THUMB Release/aq_timer.o
                0x080117a8                timerSetAlarm2
 .text.timerSetAlarm3
                0x080117d8       0x30 THUMB Release/aq_timer.o
                0x080117d8                timerSetAlarm3
 .text.TIM5_IRQHandler
                0x08011808      0x104 THUMB Release/aq_timer.o
                0x08011808                TIM5_IRQHandler
 .text.aqInit   0x0801190c       0xa8 THUMB Release/aq_init.o
                0x0801190c                aqInit
 .text.loggerCopy8
                0x080119b4       0x10 THUMB Release/logger.o
                0x080119b4                loggerCopy8
 .text.loggerCopy4
                0x080119c4        0x8 THUMB Release/logger.o
                0x080119c4                loggerCopy4
 .text.loggerCopy2
                0x080119cc        0x8 THUMB Release/logger.o
                0x080119cc                loggerCopy2
 .text.loggerCopy1
                0x080119d4        0x8 THUMB Release/logger.o
                0x080119d4                loggerCopy1
 .text.loggerDoHeader
                0x080119dc       0xac THUMB Release/logger.o
                0x080119dc                loggerDoHeader
 .text.loggerDo
                0x08011a88       0xcc THUMB Release/logger.o
                0x08011a88                loggerDo
 .text.loggerSetup
                0x08011b54      0x5e0 THUMB Release/logger.o
                0x08011b54                loggerSetup
 .text.loggerInit
                0x08012134       0x50 THUMB Release/logger.o
                0x08012134                loggerInit
 .text.rtcSetDataTime
                0x08012184      0x2dc THUMB Release/rtc.o
                0x08012184                rtcSetDataTime
 .text.rtcGetDateTime
                0x08012460       0x48 THUMB Release/rtc.o
                0x08012460                rtcGetDateTime
 .text.rtcInit  0x080124a8      0x1a4 THUMB Release/rtc.o
                0x080124a8                rtcInit
 .text.RTC_WKUP_IRQHandler
                0x0801264c       0x24 THUMB Release/rtc.o
                0x0801264c                RTC_WKUP_IRQHandler
 .text.CmdResp1Error.part.0
                0x08012670       0xbc THUMB Release/sdio.o
 .text.sdioIntHandler
                0x0801272c       0x44 THUMB Release/sdio.o
                0x0801272c                sdioIntHandler
 .text.SDEnWideBus
                0x08012770      0x320 THUMB Release/sdio.o
 .text.SD_PowerON
                0x08012a90      0x2b4 THUMB Release/sdio.o
                0x08012a90                SD_PowerON
 .text.SD_InitializeCards
                0x08012d44      0x180 THUMB Release/sdio.o
                0x08012d44                SD_InitializeCards
 .text.SD_GetCardInfo
                0x08012ec4      0x298 THUMB Release/sdio.o
                0x08012ec4                SD_GetCardInfo
 .text.sdioLowLevelInit
                0x0801315c      0x154 THUMB Release/sdio.o
                0x0801315c                sdioLowLevelInit
 .text.sdioInit
                0x080132b0      0x118 THUMB Release/sdio.o
                0x080132b0                sdioInit
 .text.SD_ReadBlock
                0x080133c8      0x19c THUMB Release/sdio.o
                0x080133c8                SD_ReadBlock
 .text.SD_ReadMultiBlocks
                0x08013564      0x1a4 THUMB Release/sdio.o
                0x08013564                SD_ReadMultiBlocks
 .text.SD_WriteBlock
                0x08013708      0x1c4 THUMB Release/sdio.o
                0x08013708                SD_WriteBlock
 .text.SD_WriteMultiBlocks
                0x080138cc      0x23c THUMB Release/sdio.o
                0x080138cc                SD_WriteMultiBlocks
 .text.SD_SendSDStatus
                0x08013b08      0x248 THUMB Release/sdio.o
                0x08013b08                SD_SendSDStatus
 .text.SD_GetCardStatus
                0x08013d50       0xa4 THUMB Release/sdio.o
                0x08013d50                SD_GetCardStatus
 .text.get_fattime
                0x08013df4        0x4 THUMB Release/sdio.o
                0x08013df4                get_fattime
 .text.disk_initialize
                0x08013df8       0x48 THUMB Release/sdio.o
                0x08013df8                disk_initialize
 .text.disk_status
                0x08013e40       0x54 THUMB Release/sdio.o
                0x08013e40                disk_status
 .text.disk_read
                0x08013e94      0x190 THUMB Release/sdio.o
                0x08013e94                disk_read
 .text.disk_write
                0x08014024      0x190 THUMB Release/sdio.o
                0x08014024                disk_write
 .text.disk_ioctl
                0x080141b4      0x13c THUMB Release/sdio.o
                0x080141b4                disk_ioctl
 .text.sdioSetCallback
                0x080142f0       0x14 THUMB Release/sdio.o
                0x080142f0                sdioSetCallback
 .text.SD_ProcessIRQSrc
                0x08014304      0x134 THUMB Release/sdio.o
                0x08014304                SD_ProcessIRQSrc
 .text.SD_Initialized
                0x08014438        0xc THUMB Release/sdio.o
                0x08014438                SD_Initialized
 .text.SD_TransferComplete
                0x08014444        0xc THUMB Release/sdio.o
                0x08014444                SD_TransferComplete
 .text.SDIO_IRQHandler
                0x08014450        0x4 THUMB Release/sdio.o
                0x08014450                SDIO_IRQHandler
 .text.DMA2_Stream3_IRQHandler
                0x08014454       0x24 THUMB Release/sdio.o
                0x08014454                DMA2_Stream3_IRQHandler
 .text.imuQuasiStatic
                0x08014478       0xf0 THUMB Release/imu.o
                0x08014478                imuQuasiStatic
 .text.imuInit  0x08014568       0x68 THUMB Release/imu.o
                0x08014568                imuInit
 .text.imuDImuDRateReady
                0x080145d0       0x14 THUMB Release/imu.o
                0x080145d0                imuDImuDRateReady
 .text.imuDImuSensorReady
                0x080145e4       0x14 THUMB Release/imu.o
                0x080145e4                imuDImuSensorReady
 .text.supervisorCreateSOCTable
                0x080145f8      0x130 THUMB Release/supervisor.o
                0x080145f8                supervisorCreateSOCTable
 .text.supervisorTaskCode
                0x08014728      0xc98 THUMB Release/supervisor.o
                0x08014728                supervisorTaskCode
 .text.supervisorDisarm
                0x080153c0       0x48 THUMB Release/supervisor.o
                0x080153c0                supervisorDisarm
 .text.supervisorCalibrate
                0x08015408       0x24 THUMB Release/supervisor.o
                0x08015408                supervisorCalibrate
 .text.supervisorTare
                0x0801542c       0x38 THUMB Release/supervisor.o
                0x0801542c                supervisorTare
 .text.supervisorInitComplete
                0x08015464       0x48 THUMB Release/supervisor.o
                0x08015464                supervisorInitComplete
 .text.supervisorDiskWait
                0x080154ac       0x10 THUMB Release/supervisor.o
                0x080154ac                supervisorDiskWait
 .text.supervisorThrottleUp
                0x080154bc       0x20 THUMB Release/supervisor.o
                0x080154bc                supervisorThrottleUp
 .text.supervisorSendDataStart
                0x080154dc       0x38 THUMB Release/supervisor.o
                0x080154dc                supervisorSendDataStart
 .text.supervisorSendDataStop
                0x08015514       0x38 THUMB Release/supervisor.o
                0x08015514                supervisorSendDataStop
 .text.supervisorConfigRead
                0x0801554c       0x14 THUMB Release/supervisor.o
                0x0801554c                supervisorConfigRead
 .text.supervisorInit
                0x08015560       0x88 THUMB Release/supervisor.o
                0x08015560                supervisorInit
 .text.fpuInit  0x080155e8       0x1c THUMB Release/fpu.o
                0x080155e8                fpuInit
 .text.navUkfRateUpdate
                0x08015604       0x24 THUMB Release/nav_ukf.o
                0x08015604                navUkfRateUpdate
 .text.navUkfPresUpdate
                0x08015628       0x14 THUMB Release/nav_ukf.o
                0x08015628                navUkfPresUpdate
 .text.navUkfPresGPSAltUpdate
                0x0801563c       0x24 THUMB Release/nav_ukf.o
                0x0801563c                navUkfPresGPSAltUpdate
 .text.navUkfPosUpdate
                0x08015660       0x34 THUMB Release/nav_ukf.o
                0x08015660                navUkfPosUpdate
 .text.navUkfVelUpdate
                0x08015694       0x34 THUMB Release/nav_ukf.o
                0x08015694                navUkfVelUpdate
 .text.navUkfOfPosUpdate
                0x080156c8       0x34 THUMB Release/nav_ukf.o
                0x080156c8                navUkfOfPosUpdate
 .text.navUkfQuatToMatrix.constprop.0
                0x080156fc      0x120 THUMB Release/nav_ukf.o
 .text.navUkfTimeUpdate
                0x0801581c      0x428 THUMB Release/nav_ukf.o
                0x0801581c                navUkfTimeUpdate
 .text.navUkfPresToAlt
                0x08015c44       0x30 THUMB Release/nav_ukf.o
                0x08015c44                navUkfPresToAlt
 .text.navUkfSetGlobalPositionTarget
                0x08015c74      0x158 THUMB Release/nav_ukf.o
                0x08015c74                navUkfSetGlobalPositionTarget
 .text.navUkfSetHereAsPositionTarget
                0x08015dcc      0x264 THUMB Release/nav_ukf.o
                0x08015dcc                navUkfSetHereAsPositionTarget
 .text.navUkfRotateVectorByQuat
                0x08016030       0xf4 THUMB Release/nav_ukf.o
                0x08016030                navUkfRotateVectorByQuat
 .text.navUkfAccUpdate
                0x08016124       0x74 THUMB Release/nav_ukf.o
                0x08016124                navUkfAccUpdate
 .text.navUkfRotateVectorByRevQuat
                0x08016198       0x38 THUMB Release/nav_ukf.o
                0x08016198                navUkfRotateVectorByRevQuat
 .text.navUkfFinish
                0x080161d0      0x13c THUMB Release/nav_ukf.o
                0x080161d0                navUkfFinish
 .text.navUkfInertialUpdate
                0x0801630c       0xb0 THUMB Release/nav_ukf.o
                0x0801630c                navUkfInertialUpdate
 .text.navUkfZeroRate
                0x080163bc       0x48 THUMB Release/nav_ukf.o
                0x080163bc                navUkfZeroRate
 .text.simDoPresUpdate
                0x08016404       0x88 THUMB Release/nav_ukf.o
                0x08016404                simDoPresUpdate
 .text.simDoAccUpdate
                0x0801648c       0xc0 THUMB Release/nav_ukf.o
                0x0801648c                simDoAccUpdate
 .text.navUkfZeroPos
                0x0801654c       0x98 THUMB Release/nav_ukf.o
                0x0801654c                navUkfZeroPos
 *fill*         0x080165e4        0x4 00
 .text.navUkfGpsPosUpdate
                0x080165e8      0x478 THUMB Release/nav_ukf.o
                0x080165e8                navUkfGpsPosUpdate
 .text.navUkfZeroVel
                0x08016a60       0x64 THUMB Release/nav_ukf.o
                0x08016a60                navUkfZeroVel
 .text.navUkfGpsVelUpdate
                0x08016ac4      0x178 THUMB Release/nav_ukf.o
                0x08016ac4                navUkfGpsVelUpdate
 .text.navUkfFlowUpdate
                0x08016c3c      0x294 THUMB Release/nav_ukf.o
                0x08016c3c                navUkfFlowUpdate
 .text.navUkfOpticalFlow
                0x08016ed0       0xa4 THUMB Release/nav_ukf.o
                0x08016ed0                navUkfOpticalFlow
 .text.navUkfResetBias
                0x08016f74       0x1c THUMB Release/nav_ukf.o
                0x08016f74                navUkfResetBias
 .text.navUkfResetVels
                0x08016f90       0x18 THUMB Release/nav_ukf.o
                0x08016f90                navUkfResetVels
 .text.navUkfInitState
                0x08016fa8      0x2b4 THUMB Release/nav_ukf.o
                0x08016fa8                navUkfInitState
 .text.navUkfInit
                0x0801725c      0x1f4 THUMB Release/nav_ukf.o
                0x0801725c                navUkfInit
 .text.altUkfTimeUpdate
                0x08017450      0x188 THUMB Release/alt_ukf.o
                0x08017450                altUkfTimeUpdate
 .text.altUkfPresUpdate
                0x080175d8       0x14 THUMB Release/alt_ukf.o
                0x080175d8                altUkfPresUpdate
 .text.altUkfProcess
                0x080175ec       0xac THUMB Release/alt_ukf.o
                0x080175ec                altUkfProcess
 .text.altUkfInit
                0x08017698       0x90 THUMB Release/alt_ukf.o
                0x08017698                altUkfInit
 .text.runTaskCode
                0x08017728      0x560 THUMB Release/run.o
                0x08017728                runTaskCode
 .text.runInit  0x08017c88      0x35c THUMB Release/run.o
                0x08017c88                runInit
 .text.radioTaskCode
                0x08017fe4      0x278 THUMB Release/radio.o
                0x08017fe4                radioTaskCode
 .text.radioInit
                0x0801825c      0x424 THUMB Release/radio.o
                0x0801825c                radioInit
 .text.futabaDecode
                0x08018680      0x134 THUMB Release/futaba.o
                0x08018680                futabaDecode
 .text.futabaCharIn
                0x080187b4       0x84 THUMB Release/futaba.o
                0x080187b4                futabaCharIn
 .text.futabaInit
                0x08018838       0x48 THUMB Release/futaba.o
                0x08018838                futabaInit
 .text.ppmCallback
                0x08018880       0xb0 THUMB Release/ppm.o
                0x08018880                ppmCallback
 .text.ppmInit  0x08018930       0x30 THUMB Release/ppm.o
                0x08018930                ppmInit
 .text.ppmDataAvailable
                0x08018960       0xdc THUMB Release/ppm.o
                0x08018960                ppmDataAvailable
 .text.ppmGetSignalQuality
                0x08018a3c       0x10 THUMB Release/ppm.o
                0x08018a3c                ppmGetSignalQuality
 .text.filerProcessStream
                0x08018a4c       0xdc THUMB Release/filer.o
 .text.filerInitFS
                0x08018b28      0x158 THUMB Release/filer.o
                0x08018b28                filerInitFS
 .text.filerTaskCode
                0x08018c80      0x6a4 THUMB Release/filer.o
                0x08018c80                filerTaskCode
 .text.filerInit
                0x08019324       0x60 THUMB Release/filer.o
                0x08019324                filerInit
 .text.filerGetHandle
                0x08019384       0xac THUMB Release/filer.o
                0x08019384                filerGetHandle
 .text.filerRead
                0x08019430       0x54 THUMB Release/filer.o
                0x08019430                filerRead
 .text.filerWrite
                0x08019484       0x54 THUMB Release/filer.o
                0x08019484                filerWrite
 .text.filerClose
                0x080194d8       0x4c THUMB Release/filer.o
                0x080194d8                filerClose
 .text.filerGetHead
                0x08019524       0x18 THUMB Release/filer.o
                0x08019524                filerGetHead
 .text.filerSetHead
                0x0801953c       0x18 THUMB Release/filer.o
                0x0801953c                filerSetHead
 .text.filerStream
                0x08019554       0x38 THUMB Release/filer.o
                0x08019554                filerStream
 .text.filerAvailable
                0x0801958c        0xc THUMB Release/filer.o
                0x0801958c                filerAvailable
 .text.pwmZeroTimers
                0x08019598       0x68 THUMB Release/pwm.o
                0x08019598                pwmZeroTimers
 .text.pwmCheckTimer
                0x08019600       0x10 THUMB Release/pwm.o
                0x08019600                pwmCheckTimer
 .text.pwmInitOut
                0x08019610      0x230 THUMB Release/pwm.o
                0x08019610                pwmInitOut
 .text.pwmInitDigitalOut
                0x08019840       0x8c THUMB Release/pwm.o
                0x08019840                pwmInitDigitalOut
 .text.pwmInitIn
                0x080198cc      0x1c8 THUMB Release/pwm.o
                0x080198cc                pwmInitIn
 .text.TIM1_CC_IRQHandler
                0x08019a94        0x4 THUMB Release/pwm.o
                0x08019a94                TIM1_CC_IRQHandler
 .text.TIM4_IRQHandler
                0x08019a98      0x120 THUMB Release/pwm.o
                0x08019a98                TIM4_IRQHandler
 .text.TIM1_BRK_TIM9_IRQHandler
                0x08019bb8       0x54 THUMB Release/pwm.o
                0x08019bb8                TIM1_BRK_TIM9_IRQHandler
 .text.gimbalInit
                0x08019c0c      0x4ec THUMB Release/gimbal.o
                0x08019c0c                gimbalInit
 .text.gimbalUpdate
                0x0801a0f8      0x584 THUMB Release/gimbal.o
                0x0801a0f8                gimbalUpdate
 .text.owWriteBit1ISR
                0x0801a67c       0x34 THUMB Release/1wire.o
                0x0801a67c                owWriteBit1ISR
 .text.owWriteBit0ISR
                0x0801a6b0       0x2c THUMB Release/1wire.o
                0x0801a6b0                owWriteBit0ISR
 .text.owReadBitISR
                0x0801a6dc       0x90 THUMB Release/1wire.o
                0x0801a6dc                owReadBitISR
 .text.owResetISR
                0x0801a76c       0x90 THUMB Release/1wire.o
                0x0801a76c                owResetISR
 .text.owWriteByteISR
                0x0801a7fc       0x58 THUMB Release/1wire.o
                0x0801a7fc                owWriteByteISR
 .text.owReadByteISR
                0x0801a854       0x60 THUMB Release/1wire.o
                0x0801a854                owReadByteISR
 .text.owTransactionISR.part.5
                0x0801a8b4       0xf8 THUMB Release/1wire.o
 .text.owTransactionISR
                0x0801a9ac       0xb0 THUMB Release/1wire.o
                0x0801a9ac                owTransactionISR
 .text.owTransaction
                0x0801aa5c       0x54 THUMB Release/1wire.o
                0x0801aa5c                owTransaction
 .text.owInit   0x0801aab0       0x68 THUMB Release/1wire.o
                0x0801aab0                owInit
 .text.esc32ReadFile.constprop.0
                0x0801ab18      0xc28 THUMB Release/esc32.o
 .text.esc32SetupCan
                0x0801b740      0x138 THUMB Release/esc32.o
                0x0801b740                esc32SetupCan
 .text.esc32SetupOw
                0x0801b878      0x764 THUMB Release/esc32.o
                0x0801b878                esc32SetupOw
 .text.spiStartTxn
                0x0801bfdc      0x11c THUMB Release/spi.o
 .text.spiEndTxn
                0x0801c0f8       0xe0 THUMB Release/spi.o
 .text.spi1Init
                0x0801c1d8      0x294 THUMB Release/spi.o
                0x0801c1d8                spi1Init
 .text.spi3Init
                0x0801c46c      0x2ac THUMB Release/spi.o
                0x0801c46c                spi3Init
 .text.spiChangeBaud
                0x0801c718       0x40 THUMB Release/spi.o
                0x0801c718                spiChangeBaud
 .text.spiChangeCallback
                0x0801c758        0x4 THUMB Release/spi.o
                0x0801c758                spiChangeCallback
 .text.spiTransaction
                0x0801c75c       0x80 THUMB Release/spi.o
                0x0801c75c                spiTransaction
 .text.spiClientInit
                0x0801c7dc       0xa0 THUMB Release/spi.o
                0x0801c7dc                spiClientInit
 .text.spiClientFree
                0x0801c87c        0xc THUMB Release/spi.o
                0x0801c87c                spiClientFree
 .text.DMA2_Stream0_IRQHandler
                0x0801c888        0xc THUMB Release/spi.o
                0x0801c888                DMA2_Stream0_IRQHandler
 .text.DMA1_Stream0_IRQHandler
                0x0801c894        0xc THUMB Release/spi.o
                0x0801c894                DMA1_Stream0_IRQHandler
 .text.ETH_IRQHandler
                0x0801c8a0        0xc THUMB Release/spi.o
                0x0801c8a0                ETH_IRQHandler
 .text.ETH_WKUP_IRQHandler
                0x0801c8ac        0xc THUMB Release/spi.o
                0x0801c8ac                ETH_WKUP_IRQHandler
 .text.DCMI_IRQHandler
                0x0801c8b8        0xc THUMB Release/spi.o
                0x0801c8b8                DCMI_IRQHandler
 .text.signalingWriteOutput
                0x0801c8c4       0xcc THUMB Release/signaling.o
                0x0801c8c4                signalingWriteOutput
 .text.signalingInit
                0x0801c990      0x228 THUMB Release/signaling.o
                0x0801c990                signalingInit
 .text.signalingOnetimeEvent
                0x0801cbb8       0x24 THUMB Release/signaling.o
                0x0801cbb8                signalingOnetimeEvent
 .text.signalingEvent
                0x0801cbdc      0x12c THUMB Release/signaling.o
                0x0801cbdc                signalingEvent
 .text.extRegisterCallback
                0x0801cd08      0x24c THUMB Release/ext_irq.o
                0x0801cd08                extRegisterCallback
 .text.EXTI0_IRQHandler
                0x0801cf54       0x1c THUMB Release/ext_irq.o
                0x0801cf54                EXTI0_IRQHandler
 .text.EXTI1_IRQHandler
                0x0801cf70       0x1c THUMB Release/ext_irq.o
                0x0801cf70                EXTI1_IRQHandler
 .text.EXTI2_IRQHandler
                0x0801cf8c       0x1c THUMB Release/ext_irq.o
                0x0801cf8c                EXTI2_IRQHandler
 .text.EXTI3_IRQHandler
                0x0801cfa8       0x1c THUMB Release/ext_irq.o
                0x0801cfa8                EXTI3_IRQHandler
 .text.EXTI4_IRQHandler
                0x0801cfc4       0x1c THUMB Release/ext_irq.o
                0x0801cfc4                EXTI4_IRQHandler
 .text.EXTI9_5_IRQHandler
                0x0801cfe0       0x78 THUMB Release/ext_irq.o
                0x0801cfe0                EXTI9_5_IRQHandler
 .text.EXTI15_10_IRQHandler
                0x0801d058       0x94 THUMB Release/ext_irq.o
                0x0801d058                EXTI15_10_IRQHandler
 .text.canProcessMessage
                0x0801d0ec      0x1c4 THUMB Release/can.o
 .text.canSendBulkFinish
                0x0801d2b0       0x10 THUMB Release/can.o
                0x0801d2b0                canSendBulkFinish
 .text.canSend  0x0801d2c0       0xbc THUMB Release/can.o
                0x0801d2c0                canSend
 .text.canSendBulk
                0x0801d37c       0xb0 THUMB Release/can.o
                0x0801d37c                canSendBulk
 .text.canAck   0x0801d42c       0x74 THUMB Release/can.o
                0x0801d42c                canAck
 .text.canGetVersion
                0x0801d4a0      0x114 THUMB Release/can.o
                0x0801d4a0                canGetVersion
 .text.canGetState
                0x0801d5b4       0xe8 THUMB Release/can.o
                0x0801d5b4                canGetState
 .text.canGetParamIdByName
                0x0801d69c      0x174 THUMB Release/can.o
                0x0801d69c                canGetParamIdByName
 .text.canGetParamById
                0x0801d810      0x104 THUMB Release/can.o
                0x0801d810                canGetParamById
 .text.canSetRunMode
                0x0801d914       0xfc THUMB Release/can.o
                0x0801d914                canSetRunMode
 .text.canSetGroup
                0x0801da10      0x11c THUMB Release/can.o
                0x0801da10                canSetGroup
 .text.canSetParamById
                0x0801db2c       0xec THUMB Release/can.o
                0x0801db2c                canSetParamById
 .text.canSetParamByName
                0x0801dc18       0xf8 THUMB Release/can.o
                0x0801dc18                canSetParamByName
 .text.canCommandArm
                0x0801dd10       0x8c THUMB Release/can.o
                0x0801dd10                canCommandArm
 .text.canCommandDisarm
                0x0801dd9c       0x8c THUMB Release/can.o
                0x0801dd9c                canCommandDisarm
 .text.canCommandConfigWrite
                0x0801de28       0xe8 THUMB Release/can.o
                0x0801de28                canCommandConfigWrite
 .text.canSetTelemetryValue
                0x0801df10       0xfc THUMB Release/can.o
                0x0801df10                canSetTelemetryValue
 .text.canSetTelemetryValueNoWait
                0x0801e00c       0xa0 THUMB Release/can.o
                0x0801e00c                canSetTelemetryValueNoWait
 .text.canSetTelemetryRate
                0x0801e0ac       0xfc THUMB Release/can.o
                0x0801e0ac                canSetTelemetryRate
 .text.canSetTelemetryRateNoWait
                0x0801e1a8       0xa0 THUMB Release/can.o
                0x0801e1a8                canSetTelemetryRateNoWait
 .text.canCommandSetpoint16
                0x0801e248       0x6c THUMB Release/can.o
                0x0801e248                canCommandSetpoint16
 .text.canCheckMessage
                0x0801e2b4       0x54 THUMB Release/can.o
                0x0801e2b4                canCheckMessage
 .text.canFindNode
                0x0801e308       0x60 THUMB Release/can.o
                0x0801e308                canFindNode
 .text.canTelemRegister
                0x0801e368       0x14 THUMB Release/can.o
                0x0801e368                canTelemRegister
 .text.canLowLevelInit
                0x0801e37c       0xe0 THUMB Release/can.o
                0x0801e37c                canLowLevelInit
 .text.canInit  0x0801e45c      0x184 THUMB Release/can.o
                0x0801e45c                canInit
 .text.CAN2_RX0_IRQHandler
                0x0801e5e0       0x64 THUMB Release/can.o
                0x0801e5e0                CAN2_RX0_IRQHandler
 .text.CAN2_TX_IRQHandler
                0x0801e644      0x104 THUMB Release/can.o
                0x0801e644                CAN2_TX_IRQHandler
 .text.canSensorsReceiveTelem
                0x0801e748      0x280 THUMB Release/canSensors.o
                0x0801e748                canSensorsReceiveTelem
 .text.canSensorsInit
                0x0801e9c8      0x218 THUMB Release/canSensors.o
                0x0801e9c8                canSensorsInit
 .text.canUartAvailable
                0x0801ebe0       0x10 THUMB Release/canUart.o
                0x0801ebe0                canUartAvailable
 .text.canUartReadChar
                0x0801ebf0       0x2c THUMB Release/canUart.o
                0x0801ebf0                canUartReadChar
 .text.canUartRxChar
                0x0801ec1c       0x84 THUMB Release/canUart.o
                0x0801ec1c                canUartRxChar
 .text.canUartStream
                0x0801eca0      0x1c0 THUMB Release/canUart.o
                0x0801eca0                canUartStream
 .text.canUartTxBuf
                0x0801ee60       0x10 THUMB Release/canUart.o
                0x0801ee60                canUartTxBuf
 .text.canUartInit
                0x0801ee70       0xc0 THUMB Release/canUart.o
                0x0801ee70                canUartInit
 .text.canOSDRequestValue
                0x0801ef30       0x1c THUMB Release/canOSD.o
                0x0801ef30                canOSDRequestValue
 .text.canOSDRequstRate
                0x0801ef4c       0x1c THUMB Release/canOSD.o
                0x0801ef4c                canOSDRequstRate
 .text.canOSDTelemetry
                0x0801ef68      0x1d8 THUMB Release/canOSD.o
                0x0801ef68                canOSDTelemetry
 .text.canOSDInit
                0x0801f140       0x64 THUMB Release/canOSD.o
                0x0801f140                canOSDInit
 .text.mpu6000TransferComplete
                0x0801f1a4       0x2c THUMB Release/mpu6000.o
 .text.mpu6000CalibGyo
                0x0801f1d0      0x150 THUMB Release/mpu6000.o
 .text.mpu6000IntHandler
                0x0801f320       0x24 THUMB Release/mpu6000.o
 .text.mpu6600InitialBias
                0x0801f344       0x70 THUMB Release/mpu6000.o
                0x0801f344                mpu6600InitialBias
 .text.mpu6000DrateDecode
                0x0801f3b4      0x168 THUMB Release/mpu6000.o
                0x0801f3b4                mpu6000DrateDecode
 .text.mpu6000Decode
                0x0801f51c      0x338 THUMB Release/mpu6000.o
                0x0801f51c                mpu6000Decode
 .text.mpu6000Enable
                0x0801f854       0x10 THUMB Release/mpu6000.o
                0x0801f854                mpu6000Enable
 .text.mpu6000Disable
                0x0801f864       0x10 THUMB Release/mpu6000.o
                0x0801f864                mpu6000Disable
 .text.mpu6000PreInit
                0x0801f874       0x38 THUMB Release/mpu6000.o
                0x0801f874                mpu6000PreInit
 .text.mpu6000Init
                0x0801f8ac      0x3fc THUMB Release/mpu6000.o
                0x0801f8ac                mpu6000Init
 .text.dIMUTaskCode
                0x0801fca8      0x250 THUMB Release/d_imu.o
 .text.dIMUTare
                0x0801fef8      0x120 THUMB Release/d_imu.o
                0x0801fef8                dIMUTare
 .text.dIMURequestCalibWrite
                0x08020018       0x14 THUMB Release/d_imu.o
                0x08020018                dIMURequestCalibWrite
 .text.dIMURequestCalibRead
                0x0802002c       0x14 THUMB Release/d_imu.o
                0x0802002c                dIMURequestCalibRead
 .text.dIMUInit
                0x08020040      0x1a8 THUMB Release/d_imu.o
                0x08020040                dIMUInit
 .text.dIMUSetAlarm1
                0x080201e8       0x30 THUMB Release/d_imu.o
                0x080201e8                dIMUSetAlarm1
 .text.TIM8_BRK_TIM12_IRQHandler
                0x08020218       0x68 THUMB Release/d_imu.o
                0x08020218                TIM8_BRK_TIM12_IRQHandler
 .text.hmc5983TransferComplete
                0x08020280       0x14 THUMB Release/hmc5983.o
 .text.hmc5983IntHandler
                0x08020294       0x20 THUMB Release/hmc5983.o
                0x08020294                hmc5983IntHandler
 .text.hmc5983Decode
                0x080202b4      0x240 THUMB Release/hmc5983.o
                0x080202b4                hmc5983Decode
 .text.hmc5983Enable
                0x080204f4       0x14 THUMB Release/hmc5983.o
                0x080204f4                hmc5983Enable
 .text.hmc5983Disable
                0x08020508       0x10 THUMB Release/hmc5983.o
                0x08020508                hmc5983Disable
 .text.hmc5983PreInit
                0x08020518       0x38 THUMB Release/hmc5983.o
                0x08020518                hmc5983PreInit
 .text.hmc5983Init
                0x08020550      0x210 THUMB Release/hmc5983.o
                0x08020550                hmc5983Init
 .text.ms5611Callback.part.0
                0x08020760       0xb8 THUMB Release/ms5611.o
 .text.ms5611Callback
                0x08020818       0x14 THUMB Release/ms5611.o
 .text.ms5611InitialBias
                0x0802082c       0x64 THUMB Release/ms5611.o
                0x0802082c                ms5611InitialBias
 .text.ms5611Decode
                0x08020890      0x3b4 THUMB Release/ms5611.o
                0x08020890                ms5611Decode
 .text.ms5611Enable
                0x08020c44       0x24 THUMB Release/ms5611.o
                0x08020c44                ms5611Enable
 .text.ms5611Disable
                0x08020c68       0x10 THUMB Release/ms5611.o
                0x08020c68                ms5611Disable
 .text.ms5611PreInit
                0x08020c78       0x38 THUMB Release/ms5611.o
                0x08020c78                ms5611PreInit
 .text.ms5611Init
                0x08020cb0      0x1b8 THUMB Release/ms5611.o
                0x08020cb0                ms5611Init
 .text.eepromPreInit
                0x08020e68       0x38 THUMB Release/eeprom.o
                0x08020e68                eepromPreInit
 .text.eepromWriteBlock
                0x08020ea0       0x98 THUMB Release/eeprom.o
                0x08020ea0                eepromWriteBlock
 .text.eepromReadHeader
                0x08020f38       0xac THUMB Release/eeprom.o
                0x08020f38                eepromReadHeader
 .text.eepromOpenWrite
                0x08020fe4       0x50 THUMB Release/eeprom.o
                0x08020fe4                eepromOpenWrite
 .text.eepromCheckFile
                0x08021034       0xcc THUMB Release/eeprom.o
                0x08021034                eepromCheckFile
 .text.eepromOpenRead
                0x08021100       0xc8 THUMB Release/eeprom.o
                0x08021100                eepromOpenRead
 .text.eepromRead
                0x080211c8       0x6c THUMB Release/eeprom.o
                0x080211c8                eepromRead
 .text.eepromWrite
                0x08021234       0x70 THUMB Release/eeprom.o
                0x08021234                eepromWrite
 .text.eepromClose
                0x080212a4       0x70 THUMB Release/eeprom.o
                0x080212a4                eepromClose
 .text.eepromInit
                0x08021314      0x168 THUMB Release/eeprom.o
                0x08021314                eepromInit
 .text.USB_OTG_BSP_Init
                0x0802147c       0x94 THUMB Release/usb_bsp.o
                0x0802147c                USB_OTG_BSP_Init
 .text.USB_OTG_BSP_EnableInterrupt
                0x08021510       0x24 THUMB Release/usb_bsp.o
                0x08021510                USB_OTG_BSP_EnableInterrupt
 .text.USB_OTG_BSP_uDelay
                0x08021534       0x38 THUMB Release/usb_bsp.o
                0x08021534                USB_OTG_BSP_uDelay
 .text.USB_OTG_BSP_mDelay
                0x0802156c       0x3c THUMB Release/usb_bsp.o
                0x0802156c                USB_OTG_BSP_mDelay
 .text.USBD_USR_DeviceDescriptor
                0x080215a8       0x10 THUMB Release/usbd_desc.o
                0x080215a8                USBD_USR_DeviceDescriptor
 .text.USBD_USR_LangIDStrDescriptor
                0x080215b8       0x10 THUMB Release/usbd_desc.o
                0x080215b8                USBD_USR_LangIDStrDescriptor
 .text.USBD_USR_ManufacturerStrDescriptor
                0x080215c8       0x20 THUMB Release/usbd_desc.o
                0x080215c8                USBD_USR_ManufacturerStrDescriptor
 .text.USBD_USR_InterfaceStrDescriptor
                0x080215e8       0x20 THUMB Release/usbd_desc.o
                0x080215e8                USBD_USR_InterfaceStrDescriptor
 .text.USBD_USR_ConfigStrDescriptor
                0x08021608       0x20 THUMB Release/usbd_desc.o
                0x08021608                USBD_USR_ConfigStrDescriptor
 .text.USBD_USR_SerialStrDescriptor
                0x08021628       0x2c THUMB Release/usbd_desc.o
                0x08021628                USBD_USR_SerialStrDescriptor
 .text.USBD_USR_ProductStrDescriptor
                0x08021654       0x2c THUMB Release/usbd_desc.o
                0x08021654                USBD_USR_ProductStrDescriptor
 .text.USBD_USR_USRStringDesc
                0x08021680       0x1c THUMB Release/usbd_desc.o
                0x08021680                USBD_USR_USRStringDesc
 .text.usbVcpInit
                0x0802169c        0x4 THUMB Release/usb.o
 .text.usbVcpDeInit
                0x080216a0        0x4 THUMB Release/usb.o
 .text.usbVcpDataTx
                0x080216a4       0x70 THUMB Release/usb.o
 .text.usbVcpDataRx
                0x08021714       0x68 THUMB Release/usb.o
 .text.USBD_USR_Init
                0x0802177c        0x4 THUMB Release/usb.o
                0x0802177c                USBD_USR_Init
 .text.USBD_USR_DeviceReset
                0x08021780        0x4 THUMB Release/usb.o
                0x08021780                USBD_USR_DeviceReset
 .text.USBD_USR_DeviceConfigured
                0x08021784        0x4 THUMB Release/usb.o
                0x08021784                USBD_USR_DeviceConfigured
 .text.USBD_USR_DeviceSuspended
                0x08021788       0x18 THUMB Release/usb.o
                0x08021788                USBD_USR_DeviceSuspended
 .text.USBD_USR_DeviceResumed
                0x080217a0        0x4 THUMB Release/usb.o
                0x080217a0                USBD_USR_DeviceResumed
 .text.USBD_USR_DeviceConnected
                0x080217a4        0x4 THUMB Release/usb.o
                0x080217a4                USBD_USR_DeviceConnected
 .text.USBD_USR_DeviceDisconnected
                0x080217a8        0x4 THUMB Release/usb.o
                0x080217a8                USBD_USR_DeviceDisconnected
 .text.usbVcpCtrl
                0x080217ac       0x9c THUMB Release/usb.o
 .text.usbInit  0x08021848       0x30 THUMB Release/usb.o
                0x08021848                usbInit
 .text.usbTx    0x08021878       0x6c THUMB Release/usb.o
                0x08021878                usbTx
 .text.usbAvailable
                0x080218e4       0x18 THUMB Release/usb.o
                0x080218e4                usbAvailable
 .text.usbRx    0x080218fc       0x24 THUMB Release/usb.o
                0x080218fc                usbRx
 .text.usbIsSuspend
                0x08021920       0x14 THUMB Release/usb.o
                0x08021920                usbIsSuspend
 .text.OTG_FS_WKUP_IRQHandler
                0x08021934       0x34 THUMB Release/usb.o
                0x08021934                OTG_FS_WKUP_IRQHandler
 .text.OTG_FS_IRQHandler
                0x08021968        0xc THUMB Release/usb.o
                0x08021968                OTG_FS_IRQHandler
 .text.STORAGE_Init
                0x08021974       0x28 THUMB Release/usbd_storage_msd.o
                0x08021974                STORAGE_Init
 .text.STORAGE_IsWriteProtected
                0x0802199c        0x4 THUMB Release/usbd_storage_msd.o
                0x0802199c                STORAGE_IsWriteProtected
 .text.STORAGE_GetMaxLun
                0x080219a0        0x4 THUMB Release/usbd_storage_msd.o
                0x080219a0                STORAGE_GetMaxLun
 .text.STORAGE_Eject
                0x080219a4       0x10 THUMB Release/usbd_storage_msd.o
                0x080219a4                STORAGE_Eject
 .text.STORAGE_GetCapacity
                0x080219b4       0x28 THUMB Release/usbd_storage_msd.o
                0x080219b4                STORAGE_GetCapacity
 .text.STORAGE_IsReady
                0x080219dc       0x44 THUMB Release/usbd_storage_msd.o
                0x080219dc                STORAGE_IsReady
 .text.STORAGE_Write
                0x08021a20       0x48 THUMB Release/usbd_storage_msd.o
                0x08021a20                STORAGE_Write
 .text.STORAGE_Read
                0x08021a68       0x48 THUMB Release/usbd_storage_msd.o
                0x08021a68                STORAGE_Read
 .text.getBuildNumber
                0x08021ab0        0x8 THUMB Release/getbuildnum.o
                0x08021ab0                getBuildNumber
 .text.getRevisionNumber
                0x08021ab8       0x20 THUMB Release/getbuildnum.o
                0x08021ab8                getRevisionNumber
 .text.grhottDecode
                0x08021ad8      0x1c4 THUMB Release/grhott.o
                0x08021ad8                grhottDecode
 .text.grhottCharIn
                0x08021c9c       0x64 THUMB Release/grhott.o
                0x08021c9c                grhottCharIn
 .text.grhottInit
                0x08021d00       0x34 THUMB Release/grhott.o
                0x08021d00                grhottInit
 .text.mlinkrxCharIn
                0x08021d34      0x2e0 THUMB Release/mlinkrx.o
                0x08021d34                mlinkrxCharIn
 .text.mlinkrxInit
                0x08022014       0x34 THUMB Release/mlinkrx.o
                0x08022014                mlinkrxInit
 .text.calibAngle
                0x08022048       0xc8 THUMB Release/calib.o
                0x08022048                calibAngle
 .text.calibRecalc
                0x08022110      0x1b0 THUMB Release/calib.o
                0x08022110                calibRecalc
 .text.calibInit
                0x080222c0       0x5c THUMB Release/calib.o
                0x080222c0                calibInit
 .text.calibDeinit
                0x0802231c       0x1c THUMB Release/calib.o
                0x0802231c                calibDeinit
 .text.calibCalculate
                0x08022338      0x430 THUMB Release/calib.o
                0x08022338                calibCalculate
 .text.calibrate
                0x08022768      0x2f8 THUMB Release/calib.o
                0x08022768                calibrate
 .text.cyrfProcessStack.part.0
                0x08022a60      0x10c THUMB Release/cyrf6936.o
 .text.cyrfIntHandler
                0x08022b6c       0xe8 THUMB Release/cyrf6936.o
                0x08022b6c                cyrfIntHandler
 .text.cyrfTxnComplete
                0x08022c54       0x7c THUMB Release/cyrf6936.o
                0x08022c54                cyrfTxnComplete
 .text.cyrfProcessStack
                0x08022cd0       0x10 THUMB Release/cyrf6936.o
                0x08022cd0                cyrfProcessStack
 .text.cyrfQueueWriteBlock
                0x08022ce0       0x90 THUMB Release/cyrf6936.o
                0x08022ce0                cyrfQueueWriteBlock
 .text.cyrfQueueWriteReg
                0x08022d70       0x5c THUMB Release/cyrf6936.o
                0x08022d70                cyrfQueueWriteReg
 .text.cyrfQueueReadBlock
                0x08022dcc       0x58 THUMB Release/cyrf6936.o
                0x08022dcc                cyrfQueueReadBlock
 .text.cyrfQueueReadReg
                0x08022e24       0x54 THUMB Release/cyrf6936.o
                0x08022e24                cyrfQueueReadReg
 .text.cyrfQueueExec
                0x08022e78       0x40 THUMB Release/cyrf6936.o
                0x08022e78                cyrfQueueExec
 .text.cyrfQueueBatch
                0x08022eb8       0x44 THUMB Release/cyrf6936.o
                0x08022eb8                cyrfQueueBatch
 .text.cyrfSetIsrCallback
                0x08022efc       0x10 THUMB Release/cyrf6936.o
                0x08022efc                cyrfSetIsrCallback
 .text.cyrfTimeoutSet
                0x08022f0c       0x34 THUMB Release/cyrf6936.o
                0x08022f0c                cyrfTimeoutSet
 .text.cyrfTimeoutSetRelative
                0x08022f40       0x38 THUMB Release/cyrf6936.o
                0x08022f40                cyrfTimeoutSetRelative
 .text.cyrfTimeoutCancel
                0x08022f78       0x28 THUMB Release/cyrf6936.o
                0x08022f78                cyrfTimeoutCancel
 .text.cyrfTimeoutReset
                0x08022fa0       0x1c THUMB Release/cyrf6936.o
                0x08022fa0                cyrfTimeoutReset
 .text.cyrfInit
                0x08022fbc      0x190 THUMB Release/cyrf6936.o
                0x08022fbc                cyrfInit
 .text.TIM7_IRQHandler
                0x0802314c       0x28 THUMB Release/cyrf6936.o
                0x0802314c                TIM7_IRQHandler
 .text._dsmAbortReceive
                0x08023174       0x3c THUMB Release/dsm.o
                0x08023174                _dsmAbortReceive
 .text.dsmBindReceive
                0x080231b0      0x208 THUMB Release/dsm.o
                0x080231b0                dsmBindReceive
 .text.dsmGenerateChannelsDsmx
                0x080233b8      0x148 THUMB Release/dsm.o
                0x080233b8                dsmGenerateChannelsDsmx
 .text.dsmSetNextChannel
                0x08023500      0x114 THUMB Release/dsm.o
                0x08023500                dsmSetNextChannel
 .text.dsmSyncAReceive
                0x08023614      0x298 THUMB Release/dsm.o
                0x08023614                dsmSyncAReceive
 .text.dsmSyncBReceive
                0x080238ac      0x1bc THUMB Release/dsm.o
                0x080238ac                dsmSyncBReceive
 .text.dsmTransferReceive
                0x08023a68      0x1b4 THUMB Release/dsm.o
                0x08023a68                dsmTransferReceive
 .text.dsmSyncTimeoutCallback
                0x08023c1c      0x120 THUMB Release/dsm.o
                0x08023c1c                dsmSyncTimeoutCallback
 .text.dsmStartTransfer
                0x08023d3c      0x128 THUMB Release/dsm.o
                0x08023d3c                dsmStartTransfer
 .text.dsmBindAck
                0x08023e64       0xb8 THUMB Release/dsm.o
                0x08023e64                dsmBindAck
 .text.dsmTransferTimeoutCallback
                0x08023f1c       0xd8 THUMB Release/dsm.o
                0x08023f1c                dsmTransferTimeoutCallback
 .text.dsmBindTimeoutCallback
                0x08023ff4      0x14c THUMB Release/dsm.o
                0x08023ff4                dsmBindTimeoutCallback
 .text.dsmReceive
                0x08024140      0x3ec THUMB Release/dsm.o
                0x08024140                dsmReceive
 .text.dsmInit  0x0802452c      0x12c THUMB Release/dsm.o
                0x0802452c                dsmInit
 .text.SystemInit
                0x08024658      0x12c THUMB Release/system_stm32f4xx.o
                0x08024658                SystemInit
 .text.CoEnterISR
                0x08024784        0xc THUMB Release/core.o
                0x08024784                CoEnterISR
 .text.CoExitISR
                0x08024790       0x3c THUMB Release/core.o
                0x08024790                CoExitISR
 .text.OsSchedUnlock
                0x080247cc       0x44 THUMB Release/core.o
                0x080247cc                OsSchedUnlock
 .text.CoInitOS
                0x08024810       0x84 THUMB Release/core.o
                0x08024810                CoInitOS
 .text.CoStartOS
                0x08024894       0x64 THUMB Release/core.o
                0x08024894                CoStartOS
 .text.CreateEventList
                0x080248f8       0x88 THUMB Release/event.o
                0x080248f8                CreateEventList
 .text.CreatEvent
                0x08024980       0x4c THUMB Release/event.o
                0x08024980                CreatEvent
 .text.EventTaskToWait
                0x080249cc       0x98 THUMB Release/event.o
                0x080249cc                EventTaskToWait
 .text.EventTaskToRdy
                0x08024a64       0x8c THUMB Release/event.o
                0x08024a64                EventTaskToRdy
 .text.RemoveEventWaittingList
                0x08024af0       0x40 THUMB Release/event.o
                0x08024af0                RemoveEventWaittingList
 .text.CoCreateFlag
                0x08024b30       0xa4 THUMB Release/flag.o
                0x08024b30                CoCreateFlag
 .text.CoAcceptSingleFlag
                0x08024bd4       0x4c THUMB Release/flag.o
                0x08024bd4                CoAcceptSingleFlag
 .text.CoWaitForSingleFlag
                0x08024c20      0x19c THUMB Release/flag.o
                0x08024c20                CoWaitForSingleFlag
 .text.CoClearFlag
                0x08024dbc       0x20 THUMB Release/flag.o
                0x08024dbc                CoClearFlag
 .text.CoSetFlag
                0x08024ddc      0x144 THUMB Release/flag.o
                0x08024ddc                CoSetFlag
 .text.isr_SetFlag
                0x08024f20       0x30 THUMB Release/flag.o
                0x08024f20                isr_SetFlag
 .text.RemoveLinkNode
                0x08024f50       0x54 THUMB Release/flag.o
                0x08024f50                RemoveLinkNode
 .text.CoCreateKheap
                0x08024fa4       0x30 THUMB Release/kernelHeap.o
                0x08024fa4                CoCreateKheap
 .text.CoCreateMutex
                0x08024fd4       0x4c THUMB Release/mutex.o
                0x08024fd4                CoCreateMutex
 .text.CoEnterMutexSection
                0x08025020       0xe4 THUMB Release/mutex.o
                0x08025020                CoEnterMutexSection
 .text.CoLeaveMutexSection
                0x08025104       0xa0 THUMB Release/mutex.o
                0x08025104                CoLeaveMutexSection
 .text.RemoveMutexList
                0x080251a4       0x68 THUMB Release/mutex.o
                0x080251a4                RemoveMutexList
 .text.CoCreateQueue
                0x0802520c       0x84 THUMB Release/queue.o
                0x0802520c                CoCreateQueue
 .text.CoAcceptQueueMail
                0x08025290       0x54 THUMB Release/queue.o
                0x08025290                CoAcceptQueueMail
 .text.CoPostQueueMail
                0x080252e4       0x50 THUMB Release/queue.o
                0x080252e4                CoPostQueueMail
 .text.InsertInSRQ
                0x08025334       0x68 THUMB Release/serviceReq.o
                0x08025334                InsertInSRQ
 .text.RespondSRQ
                0x0802539c       0x9c THUMB Release/serviceReq.o
                0x0802539c                RespondSRQ
 .text.CreateTCBList
                0x08025438      0x104 THUMB Release/task.o
                0x08025438                CreateTCBList
 .text.InsertToTCBRdyList
                0x0802553c       0x70 THUMB Release/task.o
                0x0802553c                InsertToTCBRdyList
 .text.RemoveFromTCBRdyList
                0x080255ac       0x34 THUMB Release/task.o
                0x080255ac                RemoveFromTCBRdyList
 .text.CoSetPriority
                0x080255e0      0x184 THUMB Release/task.o
                0x080255e0                CoSetPriority
 .text.Schedule
                0x08025764      0x12c THUMB Release/task.o
                0x08025764                Schedule
 .text.CreateTask
                0x08025890       0xdc THUMB Release/task.o
                0x08025890                CreateTask
 .text.CoDelTask
                0x0802596c       0xdc THUMB Release/task.o
                0x0802596c                CoDelTask
 .text.CoExitTask
                0x08025a48       0x10 THUMB Release/task.o
                0x08025a48                CoExitTask
 .text.InsertDelayList
                0x08025a58       0x68 THUMB Release/time.o
                0x08025a58                InsertDelayList
 .text.RemoveDelayList
                0x08025ac0       0x4c THUMB Release/time.o
                0x08025ac0                RemoveDelayList
 .text.CoTickDelay
                0x08025b0c       0x9c THUMB Release/time.o
                0x08025b0c                CoTickDelay
 .text.TimeDispose
                0x08025ba8       0x48 THUMB Release/time.o
                0x08025ba8                TimeDispose
 .text.isr_TimeDispose
                0x08025bf0       0x68 THUMB Release/time.o
                0x08025bf0                isr_TimeDispose
 .text.InitTaskContext
                0x08025c58       0x24 THUMB Release/arch.o
                0x08025c58                InitTaskContext
 .text.SysTick_Handler
                0x08025c7c       0x58 THUMB Release/arch.o
                0x08025c7c                SysTick_Handler
 .text.Inc8     0x08025cd4       0x1c THUMB Release/port.o
                0x08025cd4                Inc8
 .text.Dec8     0x08025cf0       0x18 THUMB Release/port.o
                0x08025cf0                Dec8
 .text.IRQ_ENABLE_RESTORE
                0x08025d08        0x4 THUMB Release/port.o
                0x08025d08                IRQ_ENABLE_RESTORE
 .text.IRQ_DISABLE_SAVE
                0x08025d0c        0x4 THUMB Release/port.o
                0x08025d0c                IRQ_DISABLE_SAVE
 .text.SetEnvironment
                0x08025d10        0xc THUMB Release/port.o
                0x08025d10                SetEnvironment
 .text.SwitchContext
                0x08025d1c       0x14 THUMB Release/port.o
                0x08025d1c                SwitchContext
 .text.PendSV_Handler
                0x08025d30       0x54 THUMB Release/port.o
                0x08025d30                PendSV_Handler
 .text.move_window
                0x08025d84       0xa8 THUMB Release/ff.o
 .text.chk_mounted
                0x08025e2c      0x414 THUMB Release/ff.o
 .text.put_fat.part.3
                0x08026240      0x398 THUMB Release/ff.o
 .text.get_fat.part.2
                0x080265d8      0x328 THUMB Release/ff.o
 .text.dir_sdi.constprop.4
                0x08026900       0x7c THUMB Release/ff.o
 .text.create_chain
                0x0802697c       0xc0 THUMB Release/ff.o
 .text.dir_next
                0x08026a3c      0x13c THUMB Release/ff.o
 .text.follow_path
                0x08026b78      0x2ec THUMB Release/ff.o
 .text.f_mount  0x08026e64       0x20 THUMB Release/ff.o
                0x08026e64                f_mount
 .text.f_open   0x08026e84      0x408 THUMB Release/ff.o
                0x08026e84                f_open
 .text.f_read   0x0802728c      0x1f4 THUMB Release/ff.o
                0x0802728c                f_read
 .text.f_write  0x08027480      0x248 THUMB Release/ff.o
                0x08027480                f_write
 .text.f_sync   0x080276c8      0x2a4 THUMB Release/ff.o
                0x080276c8                f_sync
 .text.f_close  0x0802796c       0x10 THUMB Release/ff.o
                0x0802796c                f_close
 .text.f_lseek  0x0802797c      0x1b8 THUMB Release/ff.o
                0x0802797c                f_lseek
 .text.f_opendir
                0x08027b34       0x68 THUMB Release/ff.o
                0x08027b34                f_opendir
 .text.f_mkfs   0x08027b9c      0x6f8 THUMB Release/ff.o
                0x08027b9c                f_mkfs
 .text.srcdkfCalcSigmaPoints
                0x08028294      0x214 THUMB Release/srcdkf.o
 .text.srcdkfGetState
                0x080284a8        0x4 THUMB Release/srcdkf.o
                0x080284a8                srcdkfGetState
 .text.srcdkfSetVariance
                0x080284ac      0x118 THUMB Release/srcdkf.o
                0x080284ac                srcdkfSetVariance
 .text.srcdkfInit
                0x080285c4      0x1e0 THUMB Release/srcdkf.o
                0x080285c4                srcdkfInit
 .text.srcdkfTimeUpdate
                0x080287a4      0x29c THUMB Release/srcdkf.o
                0x080287a4                srcdkfTimeUpdate
 .text.srcdkfMeasurementUpdate
                0x08028a40      0xa14 THUMB Release/srcdkf.o
                0x08028a40                srcdkfMeasurementUpdate
 .text.matrixInit
                0x08029454       0x38 THUMB Release/algebra.o
                0x08029454                matrixInit
 .text.qrDecompositionT_f32
                0x0802948c      0x4e4 THUMB Release/algebra.o
                0x0802948c                qrDecompositionT_f32
 .text.matrixDiv_f32
                0x08029970      0x1a8 THUMB Release/algebra.o
                0x08029970                matrixDiv_f32
 .text.vectorNormalize
                0x08029b18      0x128 THUMB Release/algebra.o
                0x08029b18                vectorNormalize
 .text.cholF    0x08029c40       0x90 THUMB Release/algebra.o
                0x08029c40                cholF
 .text.svd      0x08029cd0      0x4dc THUMB Release/algebra.o
                0x08029cd0                svd
 .text.quatMultiply
                0x0802a1ac       0xd4 THUMB Release/rotations.o
                0x0802a1ac                quatMultiply
 .text.eulerToQuatYPR
                0x0802a280       0xa8 THUMB Release/rotations.o
                0x0802a280                eulerToQuatYPR
 .text.eulerToQuatRPY
                0x0802a328       0xa8 THUMB Release/rotations.o
                0x0802a328                eulerToQuatRPY
 .text.nlerp    0x0802a3d0       0xd8 THUMB Release/rotations.o
                0x0802a3d0                nlerp
 .text.quatFilterReset3
                0x0802a4a8       0x34 THUMB Release/rotations.o
                0x0802a4a8                quatFilterReset3
 .text.quatFilterInit3
                0x0802a4dc       0x44 THUMB Release/rotations.o
                0x0802a4dc                quatFilterInit3
 .text.quatFilter3
                0x0802a520       0x3c THUMB Release/rotations.o
                0x0802a520                quatFilter3
 .text.USBD_Resume
                0x0802a55c       0x18 THUMB Release/usbd_core.o
 .text.USBD_Suspend
                0x0802a574       0x1c THUMB Release/usbd_core.o
 .text.USBD_SOF
                0x0802a590       0x10 THUMB Release/usbd_core.o
 .text.USBD_IsoINIncomplete
                0x0802a5a0       0x10 THUMB Release/usbd_core.o
 .text.USBD_IsoOUTIncomplete
                0x0802a5b0       0x10 THUMB Release/usbd_core.o
 .text.USBD_Reset
                0x0802a5c0       0x30 THUMB Release/usbd_core.o
 .text.USBD_SetupStage
                0x0802a5f0       0x4c THUMB Release/usbd_core.o
 .text.USBD_DataInStage